{
    "are": 2,
    "fake": 0,
    "thesee": 3,
    "verbs": 1
}